{
  "version": "1.5.0",
  "plugins_used": [
    {
      "name": "ArtifactoryDetector"
    },
    {
      "name": "AWSKeyDetector"
    },
    {
      "name": "AzureStorageKeyDetector"
    },
    {
      "name": "Base64HighEntropyString",
      "limit": 4.5
    },
    {
      "name": "BasicAuthDetector"
    },
    {
      "name": "CloudantDetector"
    },
    {
      "name": "DiscordBotTokenDetector"
    },
    {
      "name": "GitHubTokenDetector"
    },
    {
      "name": "GitLabTokenDetector"
    },
    {
      "name": "HexHighEntropyString",
      "limit": 3.0
    },
    {
      "name": "IbmCloudIamDetector"
    },
    {
      "name": "IbmCosHmacDetector"
    },
    {
      "name": "IPPublicDetector"
    },
    {
      "name": "JwtTokenDetector"
    },
    {
      "name": "KeywordDetector",
      "keyword_exclude": ""
    },
    {
      "name": "MailchimpDetector"
    },
    {
      "name": "NpmDetector"
    },
    {
      "name": "OpenAIDetector"
    },
    {
      "name": "PrivateKeyDetector"
    },
    {
      "name": "PypiTokenDetector"
    },
    {
      "name": "SendGridDetector"
    },
    {
      "name": "SlackDetector"
    },
    {
      "name": "SoftlayerDetector"
    },
    {
      "name": "SquareOAuthDetector"
    },
    {
      "name": "StripeDetector"
    },
    {
      "name": "TelegramBotTokenDetector"
    },
    {
      "name": "TwilioKeyDetector"
    }
  ],
  "filters_used": [
    {
      "path": "detect_secrets.filters.allowlist.is_line_allowlisted"
    },
    {
      "path": "detect_secrets.filters.common.is_baseline_file",
      "filename": ".github/.secrets.baseline"
    },
    {
      "path": "detect_secrets.filters.common.is_ignored_due_to_verification_policies",
      "min_level": 2
    },
    {
      "path": "detect_secrets.filters.heuristic.is_indirect_reference"
    },
    {
      "path": "detect_secrets.filters.heuristic.is_likely_id_string"
    },
    {
      "path": "detect_secrets.filters.heuristic.is_lock_file"
    },
    {
      "path": "detect_secrets.filters.heuristic.is_not_alphanumeric_string"
    },
    {
      "path": "detect_secrets.filters.heuristic.is_potential_uuid"
    },
    {
      "path": "detect_secrets.filters.heuristic.is_prefixed_with_dollar_sign"
    },
    {
      "path": "detect_secrets.filters.heuristic.is_sequential_string"
    },
    {
      "path": "detect_secrets.filters.heuristic.is_swagger_file"
    },
    {
      "path": "detect_secrets.filters.heuristic.is_templated_secret"
    },
    {
      "path": "detect_secrets.filters.regex.should_exclude_file",
      "pattern": [
        "\\.secrets\\.baseline$"
      ]
    }
  ],
  "results": {
    "app\\ui\\src\\widgets\\workspaces\\__tests__\\traceability.test.tsx": [
      {
        "type": "Secret Keyword",
        "filename": "app\\ui\\src\\widgets\\workspaces\\__tests__\\traceability.test.tsx",
        "hashed_secret": "69992f1747443a7ccd623ae5b1b7169fdeb09a01",
        "is_verified": false,
        "line_number": 110
      }
    ],
    "app\\ui\\src\\widgets\\workspaces\\_usage.tsx": [
      {
        "type": "Secret Keyword",
        "filename": "app\\ui\\src\\widgets\\workspaces\\_usage.tsx",
        "hashed_secret": "40c73d2b627621d94309d1f3acf14e88f892ca5c",
        "is_verified": false,
        "line_number": 69
      }
    ],
    "docs\\dev\\evidence\\baseline-manifest.json": [
      {
        "type": "Hex High Entropy String",
        "filename": "docs\\dev\\evidence\\baseline-manifest.json",
        "hashed_secret": "5d6676cd627c5129b74b2d70438af3dccdbc69e8",
        "is_verified": false,
        "line_number": 5
      },
      {
        "type": "Hex High Entropy String",
        "filename": "docs\\dev\\evidence\\baseline-manifest.json",
        "hashed_secret": "fa116adc5dc7d85bc5fb8cbb6e914af35f873a4e",
        "is_verified": false,
        "line_number": 7
      },
      {
        "type": "Hex High Entropy String",
        "filename": "docs\\dev\\evidence\\baseline-manifest.json",
        "hashed_secret": "80440e6ba585cc2a6856759d01f5a82c6114997a",
        "is_verified": false,
        "line_number": 8
      },
      {
        "type": "Hex High Entropy String",
        "filename": "docs\\dev\\evidence\\baseline-manifest.json",
        "hashed_secret": "ba76906e1bea4e408e80ed36a8f35aa4230a4796",
        "is_verified": false,
        "line_number": 9
      },
      {
        "type": "Hex High Entropy String",
        "filename": "docs\\dev\\evidence\\baseline-manifest.json",
        "hashed_secret": "349253593cc3f25edc3cbf64817dd731ed8126ad",
        "is_verified": false,
        "line_number": 11
      },
      {
        "type": "Hex High Entropy String",
        "filename": "docs\\dev\\evidence\\baseline-manifest.json",
        "hashed_secret": "12df87f6787c5abc73a1a19807a3c4aed45a0c9b",
        "is_verified": false,
        "line_number": 12
      },
      {
        "type": "Hex High Entropy String",
        "filename": "docs\\dev\\evidence\\baseline-manifest.json",
        "hashed_secret": "9e8633452c4fbc2a400121cd282ac5c474f38f26",
        "is_verified": false,
        "line_number": 13
      },
      {
        "type": "Hex High Entropy String",
        "filename": "docs\\dev\\evidence\\baseline-manifest.json",
        "hashed_secret": "36c0f6831c49f5bb072c0e1e502bcb46a3178955",
        "is_verified": false,
        "line_number": 14
      }
    ],
    "docs\\dev\\evidence\\feature-baseline.json": [
      {
        "type": "Hex High Entropy String",
        "filename": "docs\\dev\\evidence\\feature-baseline.json",
        "hashed_secret": "5d6676cd627c5129b74b2d70438af3dccdbc69e8",
        "is_verified": false,
        "line_number": 3
      },
      {
        "type": "Hex High Entropy String",
        "filename": "docs\\dev\\evidence\\feature-baseline.json",
        "hashed_secret": "7c4e08cbd5a586c1bb94748c0ea2b43ae5460b09",
        "is_verified": false,
        "line_number": 49
      }
    ],
    "docs\\dev\\evidence\\features\\FEAT-IFACE-OPERATE_IDENTITY\\acceptance.json": [
      {
        "type": "Hex High Entropy String",
        "filename": "docs\\dev\\evidence\\features\\FEAT-IFACE-OPERATE_IDENTITY\\acceptance.json",
        "hashed_secret": "6ede09f8860effa3ee4ef54efe33c65eaf635793",
        "is_verified": false,
        "line_number": 7
      }
    ],
    "docs\\dev\\evidence\\features\\FEAT-IFACE-SERVE_API_EVENTS\\acceptance.json": [
      {
        "type": "Hex High Entropy String",
        "filename": "docs\\dev\\evidence\\features\\FEAT-IFACE-SERVE_API_EVENTS\\acceptance.json",
        "hashed_secret": "d08f971281804e0515d4eec845fbe527ce3399b1",
        "is_verified": false,
        "line_number": 7
      }
    ],
    "docs\\dev\\evidence\\features\\FEAT-ORCH-RESERVE_RESOURCES\\acceptance.json": [
      {
        "type": "Hex High Entropy String",
        "filename": "docs\\dev\\evidence\\features\\FEAT-ORCH-RESERVE_RESOURCES\\acceptance.json",
        "hashed_secret": "de5ee8a484d5494b0efc30f9b8ec1d71c536c5b8",
        "is_verified": false,
        "line_number": 7
      }
    ],
    "docs\\dev\\evidence\\features\\FEAT-PLUG-DECLARE_MANIFESTS\\acceptance.json": [
      {
        "type": "Hex High Entropy String",
        "filename": "docs\\dev\\evidence\\features\\FEAT-PLUG-DECLARE_MANIFESTS\\acceptance.json",
        "hashed_secret": "d713e34a39a6b7fd36e89afdaa88adb3f4d7239d",
        "is_verified": false,
        "line_number": 7
      }
    ],
    "docs\\dev\\evidence\\features\\FEAT-PLUG-REGISTER_CONTRIBUTIONS\\acceptance.json": [
      {
        "type": "Hex High Entropy String",
        "filename": "docs\\dev\\evidence\\features\\FEAT-PLUG-REGISTER_CONTRIBUTIONS\\acceptance.json",
        "hashed_secret": "35263ef63115d93da7f2727994bd47d93494aa04",
        "is_verified": false,
        "line_number": 7
      }
    ],
    "docs\\dev\\evidence\\features\\FEAT-UI-COMPOSE_WORKSPACE\\acceptance.json": [
      {
        "type": "Hex High Entropy String",
        "filename": "docs\\dev\\evidence\\features\\FEAT-UI-COMPOSE_WORKSPACE\\acceptance.json",
        "hashed_secret": "e7cc3d46200466fdf0b2a255c2b617f0deddc306",
        "is_verified": false,
        "line_number": 7
      }
    ],
    "docs\\dev\\evidence\\features\\FEAT-UI-REVIEW_DRAFTS\\acceptance.json": [
      {
        "type": "Hex High Entropy String",
        "filename": "docs\\dev\\evidence\\features\\FEAT-UI-REVIEW_DRAFTS\\acceptance.json",
        "hashed_secret": "fff639087bad4bb47c4bd1b3d8b78146709acd86",
        "is_verified": false,
        "line_number": 7
      }
    ],
    "docs\\dev\\evidence\\features\\FEAT-UI-SESSION_ACCESS\\acceptance.json": [
      {
        "type": "Hex High Entropy String",
        "filename": "docs\\dev\\evidence\\features\\FEAT-UI-SESSION_ACCESS\\acceptance.json",
        "hashed_secret": "d5fa2914ad65b01535ce016e3380e4ca315cdf57",
        "is_verified": false,
        "line_number": 7
      }
    ],
    "docs\\dev\\evidence\\features\\FEAT-UI-TYPED_BACKEND\\acceptance.json": [
      {
        "type": "Hex High Entropy String",
        "filename": "docs\\dev\\evidence\\features\\FEAT-UI-TYPED_BACKEND\\acceptance.json",
        "hashed_secret": "2bec2352e401167a7238ca0e635df293f521795e",
        "is_verified": false,
        "line_number": 7
      }
    ],
    "docs\\dev\\evidence\\features\\FEAT-UI-VIEW_COLLECTIONS\\acceptance.json": [
      {
        "type": "Hex High Entropy String",
        "filename": "docs\\dev\\evidence\\features\\FEAT-UI-VIEW_COLLECTIONS\\acceptance.json",
        "hashed_secret": "a70663f869f2f0c4ad9da92d4c3500cd49501d8e",
        "is_verified": false,
        "line_number": 7
      }
    ],
    "docs\\dev\\evidence\\features\\FEAT-WS-ADMINISTER_SETTINGS\\acceptance.json": [
      {
        "type": "Hex High Entropy String",
        "filename": "docs\\dev\\evidence\\features\\FEAT-WS-ADMINISTER_SETTINGS\\acceptance.json",
        "hashed_secret": "4db7de57d39bd19d25af539f9602c9d248fabc11",
        "is_verified": false,
        "line_number": 7
      }
    ],
    "docs\\dev\\evidence\\features\\FEAT-WS-EXECUTE_PERSISTENCE\\acceptance.json": [
      {
        "type": "Hex High Entropy String",
        "filename": "docs\\dev\\evidence\\features\\FEAT-WS-EXECUTE_PERSISTENCE\\acceptance.json",
        "hashed_secret": "2538b917aaa7aad707fdc17804dc22572d128c01",
        "is_verified": false,
        "line_number": 7
      },
      {
        "type": "Hex High Entropy String",
        "filename": "docs\\dev\\evidence\\features\\FEAT-WS-EXECUTE_PERSISTENCE\\acceptance.json",
        "hashed_secret": "5d6676cd627c5129b74b2d70438af3dccdbc69e8",
        "is_verified": false,
        "line_number": 8
      }
    ],
    "docs\\dev\\evidence\\features\\FEAT-WS-MANAGE_ACCOUNTS\\acceptance.json": [
      {
        "type": "Hex High Entropy String",
        "filename": "docs\\dev\\evidence\\features\\FEAT-WS-MANAGE_ACCOUNTS\\acceptance.json",
        "hashed_secret": "0faec086a3fb267d20376aa72be2f7f7c90b5eb8",
        "is_verified": false,
        "line_number": 7
      }
    ],
    "docs\\dev\\evidence\\features\\FEAT-WS-MANAGE_WORKSPACES\\acceptance.json": [
      {
        "type": "Hex High Entropy String",
        "filename": "docs\\dev\\evidence\\features\\FEAT-WS-MANAGE_WORKSPACES\\acceptance.json",
        "hashed_secret": "1e82b1e907c617d079b304fb279adfeebc67e067",
        "is_verified": false,
        "line_number": 7
      },
      {
        "type": "Hex High Entropy String",
        "filename": "docs\\dev\\evidence\\features\\FEAT-WS-MANAGE_WORKSPACES\\acceptance.json",
        "hashed_secret": "7c4e08cbd5a586c1bb94748c0ea2b43ae5460b09",
        "is_verified": false,
        "line_number": 8
      }
    ],
    "docs\\dev\\evidence\\features\\FEAT-WS-SECURE_LOCAL_ACCESS\\acceptance.json": [
      {
        "type": "Hex High Entropy String",
        "filename": "docs\\dev\\evidence\\features\\FEAT-WS-SECURE_LOCAL_ACCESS\\acceptance.json",
        "hashed_secret": "3e1edc941a4567fccba15aa5a071f2aaf7e91227",
        "is_verified": false,
        "line_number": 7
      }
    ],
    "docs\\dev\\evidence\\fixture-manifest.json": [
      {
        "type": "Hex High Entropy String",
        "filename": "docs\\dev\\evidence\\fixture-manifest.json",
        "hashed_secret": "e51c46633579c1368b0d8437396d9236698d4912",
        "is_verified": false,
        "line_number": 9
      },
      {
        "type": "Hex High Entropy String",
        "filename": "docs\\dev\\evidence\\fixture-manifest.json",
        "hashed_secret": "c69ccc690c9606d7cbf8fa400b10833624ab3b30",
        "is_verified": false,
        "line_number": 19
      },
      {
        "type": "Hex High Entropy String",
        "filename": "docs\\dev\\evidence\\fixture-manifest.json",
        "hashed_secret": "0ea46c3696e9994b5d854fce0bf8c4269aadafed",
        "is_verified": false,
        "line_number": 29
      }
    ],
    "docs\\dev\\evidence\\schema-fixture-plan.json": [
      {
        "type": "Hex High Entropy String",
        "filename": "docs\\dev\\evidence\\schema-fixture-plan.json",
        "hashed_secret": "e51c46633579c1368b0d8437396d9236698d4912",
        "is_verified": false,
        "line_number": 27
      },
      {
        "type": "Hex High Entropy String",
        "filename": "docs\\dev\\evidence\\schema-fixture-plan.json",
        "hashed_secret": "c69ccc690c9606d7cbf8fa400b10833624ab3b30",
        "is_verified": false,
        "line_number": 37
      },
      {
        "type": "Hex High Entropy String",
        "filename": "docs\\dev\\evidence\\schema-fixture-plan.json",
        "hashed_secret": "0ea46c3696e9994b5d854fce0bf8c4269aadafed",
        "is_verified": false,
        "line_number": 47
      }
    ],
    "docs\\dev\\evidence\\source\\traceability-register.json": [
      {
        "type": "Hex High Entropy String",
        "filename": "docs\\dev\\evidence\\source\\traceability-register.json",
        "hashed_secret": "349253593cc3f25edc3cbf64817dd731ed8126ad",
        "is_verified": false,
        "line_number": 4
      }
    ],
    "scripts\\generate_phase0_evidence.py": [
      {
        "type": "Hex High Entropy String",
        "filename": "scripts\\generate_phase0_evidence.py",
        "hashed_secret": "5d6676cd627c5129b74b2d70438af3dccdbc69e8",
        "is_verified": false,
        "line_number": 39
      },
      {
        "type": "Hex High Entropy String",
        "filename": "scripts\\generate_phase0_evidence.py",
        "hashed_secret": "ba76906e1bea4e408e80ed36a8f35aa4230a4796",
        "is_verified": false,
        "line_number": 41
      },
      {
        "type": "Hex High Entropy String",
        "filename": "scripts\\generate_phase0_evidence.py",
        "hashed_secret": "9e8633452c4fbc2a400121cd282ac5c474f38f26",
        "is_verified": false,
        "line_number": 43
      },
      {
        "type": "Hex High Entropy String",
        "filename": "scripts\\generate_phase0_evidence.py",
        "hashed_secret": "36c0f6831c49f5bb072c0e1e502bcb46a3178955",
        "is_verified": false,
        "line_number": 44
      }
    ],
    "tests\\scripts\\test_generate_phase0_evidence.py": [
      {
        "type": "Hex High Entropy String",
        "filename": "tests\\scripts\\test_generate_phase0_evidence.py",
        "hashed_secret": "fa116adc5dc7d85bc5fb8cbb6e914af35f873a4e",
        "is_verified": false,
        "line_number": 67
      },
      {
        "type": "Hex High Entropy String",
        "filename": "tests\\scripts\\test_generate_phase0_evidence.py",
        "hashed_secret": "80440e6ba585cc2a6856759d01f5a82c6114997a",
        "is_verified": false,
        "line_number": 70
      }
    ]
  },
  "generated_at": "2026-09-08T19:45:13Z"
}
