{
  "version": "1.5.0",
  "plugins_used": [
    {
      "name": "ArtifactoryDetector"
    },
    {
      "name": "AWSKeyDetector"
    },
    {
      "name": "AzureStorageKeyDetector"
    },
    {
      "name": "Base64HighEntropyString",
      "limit": 4.5
    },
    {
      "name": "BasicAuthDetector"
    },
    {
      "name": "CloudantDetector"
    },
    {
      "name": "DiscordBotTokenDetector"
    },
    {
      "name": "GitHubTokenDetector"
    },
    {
      "name": "GitLabTokenDetector"
    },
    {
      "name": "HexHighEntropyString",
      "limit": 3.0
    },
    {
      "name": "IbmCloudIamDetector"
    },
    {
      "name": "IbmCosHmacDetector"
    },
    {
      "name": "IPPublicDetector"
    },
    {
      "name": "JwtTokenDetector"
    },
    {
      "name": "KeywordDetector",
      "keyword_exclude": ""
    },
    {
      "name": "MailchimpDetector"
    },
    {
      "name": "NpmDetector"
    },
    {
      "name": "OpenAIDetector"
    },
    {
      "name": "PrivateKeyDetector"
    },
    {
      "name": "PypiTokenDetector"
    },
    {
      "name": "SendGridDetector"
    },
    {
      "name": "SlackDetector"
    },
    {
      "name": "SoftlayerDetector"
    },
    {
      "name": "SquareOAuthDetector"
    },
    {
      "name": "StripeDetector"
    },
    {
      "name": "TelegramBotTokenDetector"
    },
    {
      "name": "TwilioKeyDetector"
    }
  ],
  "filters_used": [
    {
      "path": "detect_secrets.filters.allowlist.is_line_allowlisted"
    },
    {
      "path": "detect_secrets.filters.common.is_baseline_file",
      "filename": ".github/.secrets.baseline"
    },
    {
      "path": "detect_secrets.filters.common.is_ignored_due_to_verification_policies",
      "min_level": 2
    },
    {
      "path": "detect_secrets.filters.heuristic.is_indirect_reference"
    },
    {
      "path": "detect_secrets.filters.heuristic.is_likely_id_string"
    },
    {
      "path": "detect_secrets.filters.heuristic.is_lock_file"
    },
    {
      "path": "detect_secrets.filters.heuristic.is_not_alphanumeric_string"
    },
    {
      "path": "detect_secrets.filters.heuristic.is_potential_uuid"
    },
    {
      "path": "detect_secrets.filters.heuristic.is_prefixed_with_dollar_sign"
    },
    {
      "path": "detect_secrets.filters.heuristic.is_sequential_string"
    },
    {
      "path": "detect_secrets.filters.heuristic.is_swagger_file"
    },
    {
      "path": "detect_secrets.filters.heuristic.is_templated_secret"
    },
    {
      "path": "detect_secrets.filters.regex.should_exclude_file",
      "pattern": [
        "\\.secrets\\.baseline$"
      ]
    }
  ],
  "results": {
    "docs\\dev\\evidence\\baseline-manifest.json": [
      {
        "type": "Hex High Entropy String",
        "filename": "docs\\dev\\evidence\\baseline-manifest.json",
        "hashed_secret": "5d6676cd627c5129b74b2d70438af3dccdbc69e8",
        "is_verified": false,
        "line_number": 5
      },
      {
        "type": "Hex High Entropy String",
        "filename": "docs\\dev\\evidence\\baseline-manifest.json",
        "hashed_secret": "ba76906e1bea4e408e80ed36a8f35aa4230a4796",
        "is_verified": false,
        "line_number": 7
      },
      {
        "type": "Hex High Entropy String",
        "filename": "docs\\dev\\evidence\\baseline-manifest.json",
        "hashed_secret": "dca484fe1b0c3efd3a9a933c20b966c6d92d0d43",
        "is_verified": false,
        "line_number": 9
      },
      {
        "type": "Hex High Entropy String",
        "filename": "docs\\dev\\evidence\\baseline-manifest.json",
        "hashed_secret": "8b78f368aa85b06a56130b7bc71d1dd35719c27f",
        "is_verified": false,
        "line_number": 10
      },
      {
        "type": "Hex High Entropy String",
        "filename": "docs\\dev\\evidence\\baseline-manifest.json",
        "hashed_secret": "9e8633452c4fbc2a400121cd282ac5c474f38f26",
        "is_verified": false,
        "line_number": 11
      },
      {
        "type": "Hex High Entropy String",
        "filename": "docs\\dev\\evidence\\baseline-manifest.json",
        "hashed_secret": "36c0f6831c49f5bb072c0e1e502bcb46a3178955",
        "is_verified": false,
        "line_number": 12
      }
    ],
    "docs\\dev\\evidence\\feature-baseline.json": [
      {
        "type": "Hex High Entropy String",
        "filename": "docs\\dev\\evidence\\feature-baseline.json",
        "hashed_secret": "5d6676cd627c5129b74b2d70438af3dccdbc69e8",
        "is_verified": false,
        "line_number": 3
      },
      {
        "type": "Hex High Entropy String",
        "filename": "docs\\dev\\evidence\\feature-baseline.json",
        "hashed_secret": "7c4e08cbd5a586c1bb94748c0ea2b43ae5460b09",
        "is_verified": false,
        "line_number": 49
      }
    ],
    "docs\\dev\\evidence\\features\\FEAT-WS-EXECUTE_PERSISTENCE\\acceptance.json": [
      {
        "type": "Hex High Entropy String",
        "filename": "docs\\dev\\evidence\\features\\FEAT-WS-EXECUTE_PERSISTENCE\\acceptance.json",
        "hashed_secret": "2538b917aaa7aad707fdc17804dc22572d128c01",
        "is_verified": false,
        "line_number": 7
      },
      {
        "type": "Hex High Entropy String",
        "filename": "docs\\dev\\evidence\\features\\FEAT-WS-EXECUTE_PERSISTENCE\\acceptance.json",
        "hashed_secret": "5d6676cd627c5129b74b2d70438af3dccdbc69e8",
        "is_verified": false,
        "line_number": 8
      }
    ],
    "docs\\dev\\evidence\\features\\FEAT-WS-MANAGE_WORKSPACES\\acceptance.json": [
      {
        "type": "Hex High Entropy String",
        "filename": "docs\\dev\\evidence\\features\\FEAT-WS-MANAGE_WORKSPACES\\acceptance.json",
        "hashed_secret": "1e82b1e907c617d079b304fb279adfeebc67e067",
        "is_verified": false,
        "line_number": 7
      },
      {
        "type": "Hex High Entropy String",
        "filename": "docs\\dev\\evidence\\features\\FEAT-WS-MANAGE_WORKSPACES\\acceptance.json",
        "hashed_secret": "7c4e08cbd5a586c1bb94748c0ea2b43ae5460b09",
        "is_verified": false,
        "line_number": 8
      }
    ],
    "docs\\dev\\evidence\\fixture-manifest.json": [
      {
        "type": "Hex High Entropy String",
        "filename": "docs\\dev\\evidence\\fixture-manifest.json",
        "hashed_secret": "e51c46633579c1368b0d8437396d9236698d4912",
        "is_verified": false,
        "line_number": 9
      },
      {
        "type": "Hex High Entropy String",
        "filename": "docs\\dev\\evidence\\fixture-manifest.json",
        "hashed_secret": "c69ccc690c9606d7cbf8fa400b10833624ab3b30",
        "is_verified": false,
        "line_number": 19
      },
      {
        "type": "Hex High Entropy String",
        "filename": "docs\\dev\\evidence\\fixture-manifest.json",
        "hashed_secret": "0ea46c3696e9994b5d854fce0bf8c4269aadafed",
        "is_verified": false,
        "line_number": 29
      }
    ],
    "docs\\dev\\evidence\\schema-fixture-plan.json": [
      {
        "type": "Hex High Entropy String",
        "filename": "docs\\dev\\evidence\\schema-fixture-plan.json",
        "hashed_secret": "e51c46633579c1368b0d8437396d9236698d4912",
        "is_verified": false,
        "line_number": 27
      },
      {
        "type": "Hex High Entropy String",
        "filename": "docs\\dev\\evidence\\schema-fixture-plan.json",
        "hashed_secret": "c69ccc690c9606d7cbf8fa400b10833624ab3b30",
        "is_verified": false,
        "line_number": 37
      },
      {
        "type": "Hex High Entropy String",
        "filename": "docs\\dev\\evidence\\schema-fixture-plan.json",
        "hashed_secret": "0ea46c3696e9994b5d854fce0bf8c4269aadafed",
        "is_verified": false,
        "line_number": 47
      }
    ],
    "docs\\dev\\evidence\\source\\traceability-register.json": [
      {
        "type": "Hex High Entropy String",
        "filename": "docs\\dev\\evidence\\source\\traceability-register.json",
        "hashed_secret": "dca484fe1b0c3efd3a9a933c20b966c6d92d0d43",
        "is_verified": false,
        "line_number": 4
      }
    ],
    "scripts\\generate_phase0_evidence.py": [
      {
        "type": "Hex High Entropy String",
        "filename": "scripts\\generate_phase0_evidence.py",
        "hashed_secret": "5d6676cd627c5129b74b2d70438af3dccdbc69e8",
        "is_verified": false,
        "line_number": 36
      },
      {
        "type": "Hex High Entropy String",
        "filename": "scripts\\generate_phase0_evidence.py",
        "hashed_secret": "9e8633452c4fbc2a400121cd282ac5c474f38f26",
        "is_verified": false,
        "line_number": 37
      },
      {
        "type": "Hex High Entropy String",
        "filename": "scripts\\generate_phase0_evidence.py",
        "hashed_secret": "36c0f6831c49f5bb072c0e1e502bcb46a3178955",
        "is_verified": false,
        "line_number": 38
      }
    ]
  },
  "generated_at": "2026-09-07T20:12:44Z"
}
