{
  "version": "1.5.0",
  "plugins_used": [
    {
      "name": "ArtifactoryDetector"
    },
    {
      "name": "AWSKeyDetector"
    },
    {
      "name": "AzureStorageKeyDetector"
    },
    {
      "name": "Base64HighEntropyString",
      "limit": 4.5
    },
    {
      "name": "BasicAuthDetector"
    },
    {
      "name": "CloudantDetector"
    },
    {
      "name": "DiscordBotTokenDetector"
    },
    {
      "name": "GitHubTokenDetector"
    },
    {
      "name": "GitLabTokenDetector"
    },
    {
      "name": "HexHighEntropyString",
      "limit": 3
    },
    {
      "name": "IbmCloudIamDetector"
    },
    {
      "name": "IbmCosHmacDetector"
    },
    {
      "name": "IPPublicDetector"
    },
    {
      "name": "JwtTokenDetector"
    },
    {
      "name": "KeywordDetector",
      "keyword_exclude": ""
    },
    {
      "name": "MailchimpDetector"
    },
    {
      "name": "NpmDetector"
    },
    {
      "name": "OpenAIDetector"
    },
    {
      "name": "PrivateKeyDetector"
    },
    {
      "name": "PypiTokenDetector"
    },
    {
      "name": "SendGridDetector"
    },
    {
      "name": "SlackDetector"
    },
    {
      "name": "SoftlayerDetector"
    },
    {
      "name": "SquareOAuthDetector"
    },
    {
      "name": "StripeDetector"
    },
    {
      "name": "TelegramBotTokenDetector"
    },
    {
      "name": "TwilioKeyDetector"
    }
  ],
  "filters_used": [
    {
      "path": "detect_secrets.filters.allowlist.is_line_allowlisted"
    },
    {
      "path": "detect_secrets.filters.common.is_ignored_due_to_verification_policies",
      "min_level": 2
    },
    {
      "path": "detect_secrets.filters.heuristic.is_indirect_reference"
    },
    {
      "path": "detect_secrets.filters.heuristic.is_likely_id_string"
    },
    {
      "path": "detect_secrets.filters.heuristic.is_lock_file"
    },
    {
      "path": "detect_secrets.filters.heuristic.is_not_alphanumeric_string"
    },
    {
      "path": "detect_secrets.filters.heuristic.is_potential_uuid"
    },
    {
      "path": "detect_secrets.filters.heuristic.is_prefixed_with_dollar_sign"
    },
    {
      "path": "detect_secrets.filters.heuristic.is_sequential_string"
    },
    {
      "path": "detect_secrets.filters.heuristic.is_swagger_file"
    },
    {
      "path": "detect_secrets.filters.heuristic.is_templated_secret"
    }
  ],
  "results": {
    "tests\\examples\\logging_usage.py": [
      {
        "type": "Secret Keyword",
        "filename": "tests\\examples\\logging_usage.py",
        "hashed_secret": "c6074a378f5827b9b90f58db5f32dc5530179aef",
        "is_verified": false,
        "line_number": 88
      }
    ],
    "tests\\kernel\\test_logging.py": [
      {
        "type": "Secret Keyword",
        "filename": "tests\\kernel\\test_logging.py",
        "hashed_secret": "2aae6c35c94fcfb415dbe95f408b9ce91ee846ed",
        "is_verified": false,
        "line_number": 130
      },
      {
        "type": "Basic Auth Credentials",
        "filename": "tests\\kernel\\test_logging.py",
        "hashed_secret": "9d4e1e23bd5b727046a9e3b4b7db57bd8d6ee684",
        "is_verified": false,
        "line_number": 130
      },
      {
        "type": "Secret Keyword",
        "filename": "tests\\kernel\\test_logging.py",
        "hashed_secret": "9997ef5e83403936ae103c90c66757621c382d21",
        "is_verified": false,
        "line_number": 132
      },
      {
        "type": "Secret Keyword",
        "filename": "tests\\kernel\\test_logging.py",
        "hashed_secret": "5bcb3764e0a23624a42a0025e6f79f316c396623",
        "is_verified": false,
        "line_number": 133
      },
      {
        "type": "Private Key",
        "filename": "tests\\kernel\\test_logging.py",
        "hashed_secret": "1348b145fa1a555461c1b790a2f66614781091e9",
        "is_verified": false,
        "line_number": 475
      }
    ],
    "docs\\dev\\evidence\\reimplementation.json": [
      {
        "type": "Hex High Entropy String",
        "filename": "docs\\dev\\evidence\\reimplementation.json",
        "hashed_secret": "8c331c73a5fbe82fdbb4643ac797f9189e104a60",
        "is_verified": true,
        "line_number": 1133,
        "is_secret": false
      },
      {
        "type": "Hex High Entropy String",
        "filename": "docs\\dev\\evidence\\reimplementation.json",
        "hashed_secret": "e2a2060ccea69bc8c3c8c36b27cdabbc980c3e69",
        "is_verified": true,
        "line_number": 1152,
        "is_secret": false
      },
      {
        "type": "Hex High Entropy String",
        "filename": "docs\\dev\\evidence\\reimplementation.json",
        "hashed_secret": "418faa6a4df52400679fd4f5b9d4bdfda51816f2",
        "is_verified": true,
        "line_number": 1171,
        "is_secret": false
      },
      {
        "type": "Hex High Entropy String",
        "filename": "docs\\dev\\evidence\\reimplementation.json",
        "hashed_secret": "9d4fad25ca33d57d7327b22ca424e3b268e868dc",
        "is_verified": true,
        "line_number": 1190,
        "is_secret": false
      },
      {
        "type": "Hex High Entropy String",
        "filename": "docs\\dev\\evidence\\reimplementation.json",
        "hashed_secret": "dccbafd7c2683cb23200ffcd7e398d3ba916de3d",
        "is_verified": true,
        "line_number": 1209,
        "is_secret": false
      },
      {
        "type": "Hex High Entropy String",
        "filename": "docs\\dev\\evidence\\reimplementation.json",
        "hashed_secret": "5fc605de131e47bc542ecbe17c399f2c84f93e39",
        "is_verified": true,
        "line_number": 1242,
        "is_secret": false
      },
      {
        "type": "Hex High Entropy String",
        "filename": "docs\\dev\\evidence\\reimplementation.json",
        "hashed_secret": "18d1a8084c9bc8c5edfb6778129b60a79d4571f4",
        "is_verified": true,
        "line_number": 1298,
        "is_secret": false
      },
      {
        "type": "Hex High Entropy String",
        "filename": "docs\\dev\\evidence\\reimplementation.json",
        "hashed_secret": "a13cd8d4c290b51136de24cff351feab4505763a",
        "is_verified": true,
        "line_number": 1317,
        "is_secret": false
      },
      {
        "type": "Hex High Entropy String",
        "filename": "docs\\dev\\evidence\\reimplementation.json",
        "hashed_secret": "daffd3bada99b650b0eed03ac5aab53bfbf18733",
        "is_verified": true,
        "line_number": 1405,
        "is_secret": false
      },
      {
        "type": "Hex High Entropy String",
        "filename": "docs\\dev\\evidence\\reimplementation.json",
        "hashed_secret": "fcad730ef19ec4b724546bf9faffeb86136d79af",
        "is_verified": true,
        "line_number": 1424,
        "is_secret": false
      },
      {
        "type": "Hex High Entropy String",
        "filename": "docs\\dev\\evidence\\reimplementation.json",
        "hashed_secret": "b61270a6f4edc2c2ccf377e32f2a67f0486aa3dd",
        "is_verified": true,
        "line_number": 1443,
        "is_secret": false
      },
      {
        "type": "Hex High Entropy String",
        "filename": "docs\\dev\\evidence\\reimplementation.json",
        "hashed_secret": "bc193c73cedfdd9ae2833f0c4c051500a9c124f7",
        "is_verified": true,
        "line_number": 1462,
        "is_secret": false
      },
      {
        "type": "Hex High Entropy String",
        "filename": "docs\\dev\\evidence\\reimplementation.json",
        "hashed_secret": "7795af2ad3c2683eb1c8fffc3df6603b26effa07",
        "is_verified": true,
        "line_number": 1481,
        "is_secret": false
      },
      {
        "type": "Hex High Entropy String",
        "filename": "docs\\dev\\evidence\\reimplementation.json",
        "hashed_secret": "56b64e477e9877f3a9f2a3b4f46c1f3eb65aacea",
        "is_verified": true,
        "line_number": 1500,
        "is_secret": false
      },
      {
        "type": "Hex High Entropy String",
        "filename": "docs\\dev\\evidence\\reimplementation.json",
        "hashed_secret": "6b4efbd1391e92e9603a972e0355aea58e34da3b",
        "is_verified": true,
        "line_number": 1589,
        "is_secret": false
      },
      {
        "type": "Hex High Entropy String",
        "filename": "docs\\dev\\evidence\\reimplementation.json",
        "hashed_secret": "aa9b1940d3142bcd82d292b4f92cd3948c115c79",
        "is_verified": true,
        "line_number": 1608,
        "is_secret": false
      },
      {
        "type": "Hex High Entropy String",
        "filename": "docs\\dev\\evidence\\reimplementation.json",
        "hashed_secret": "91cd5b93d1e36f18481b7c7bafd4bec68ecc3125",
        "is_verified": true,
        "line_number": 1627,
        "is_secret": false
      },
      {
        "type": "Hex High Entropy String",
        "filename": "docs\\dev\\evidence\\reimplementation.json",
        "hashed_secret": "757c6581a1129b3e23a2636fae4170c0d670cd90",
        "is_verified": true,
        "line_number": 1716,
        "is_secret": false
      },
      {
        "type": "Hex High Entropy String",
        "filename": "docs\\dev\\evidence\\reimplementation.json",
        "hashed_secret": "c02115633fd467f57725a6629cc2f343049664ba",
        "is_verified": true,
        "line_number": 1735,
        "is_secret": false
      },
      {
        "type": "Hex High Entropy String",
        "filename": "docs\\dev\\evidence\\reimplementation.json",
        "hashed_secret": "40d6592e3dfdadf4077d02ba32a6b6fb88e0e2c3",
        "is_verified": true,
        "line_number": 1754,
        "is_secret": false
      },
      {
        "type": "Hex High Entropy String",
        "filename": "docs\\dev\\evidence\\reimplementation.json",
        "hashed_secret": "0952ca658bfc7d3fd9d11daa4b32f1fdd5df0934",
        "is_verified": true,
        "line_number": 1844,
        "is_secret": false
      },
      {
        "type": "Hex High Entropy String",
        "filename": "docs\\dev\\evidence\\reimplementation.json",
        "hashed_secret": "573ef19d6814ad3362ca71082e667dafdaa9a451",
        "is_verified": true,
        "line_number": 1863,
        "is_secret": false
      },
      {
        "type": "Hex High Entropy String",
        "filename": "docs\\dev\\evidence\\reimplementation.json",
        "hashed_secret": "3614f2fb4569de9a110a713aff24e5d86d359f98",
        "is_verified": true,
        "line_number": 1882,
        "is_secret": false
      },
      {
        "type": "Hex High Entropy String",
        "filename": "docs\\dev\\evidence\\reimplementation.json",
        "hashed_secret": "e078aa952831196cb3e1bd27bf990714f7b2e1f7",
        "is_verified": true,
        "line_number": 1901,
        "is_secret": false
      },
      {
        "type": "Hex High Entropy String",
        "filename": "docs\\dev\\evidence\\reimplementation.json",
        "hashed_secret": "b5699a29a84a7483f957cb1c642840a570060963",
        "is_verified": true,
        "line_number": 1920,
        "is_secret": false
      },
      {
        "type": "Hex High Entropy String",
        "filename": "docs\\dev\\evidence\\reimplementation.json",
        "hashed_secret": "36c02ae4c45ffad9a673c6a6793f676a1770ed56",
        "is_verified": true,
        "line_number": 1939,
        "is_secret": false
      },
      {
        "type": "Hex High Entropy String",
        "filename": "docs\\dev\\evidence\\reimplementation.json",
        "hashed_secret": "cc18a2db6ac2ed026d342b156d9975bd8f9525d0",
        "is_verified": true,
        "line_number": 2028,
        "is_secret": false
      },
      {
        "type": "Hex High Entropy String",
        "filename": "docs\\dev\\evidence\\reimplementation.json",
        "hashed_secret": "9bfcf70ae41ad1f6942b0ca825b4e13e1f4256d9",
        "is_verified": true,
        "line_number": 2047,
        "is_secret": false
      },
      {
        "type": "Hex High Entropy String",
        "filename": "docs\\dev\\evidence\\reimplementation.json",
        "hashed_secret": "429b5dbb23bda8245545f2ebfde41e2901549ae3",
        "is_verified": true,
        "line_number": 2066,
        "is_secret": false
      },
      {
        "type": "Hex High Entropy String",
        "filename": "docs\\dev\\evidence\\reimplementation.json",
        "hashed_secret": "70de97ab2421428f702d6530f2cabe02cf6fc737",
        "is_verified": true,
        "line_number": 2085,
        "is_secret": false
      },
      {
        "type": "Hex High Entropy String",
        "filename": "docs\\dev\\evidence\\reimplementation.json",
        "hashed_secret": "41a56b2ed3d140b817866093c6358938c2cafcef",
        "is_verified": true,
        "line_number": 2174,
        "is_secret": false
      },
      {
        "type": "Hex High Entropy String",
        "filename": "docs\\dev\\evidence\\reimplementation.json",
        "hashed_secret": "cfd0e60466eb1f7fc107789946f051c81dc532b9",
        "is_verified": true,
        "line_number": 2193,
        "is_secret": false
      },
      {
        "type": "Hex High Entropy String",
        "filename": "docs\\dev\\evidence\\reimplementation.json",
        "hashed_secret": "3821777a4cd0f5141098dfc00f0625b953305ecb",
        "is_verified": true,
        "line_number": 2212,
        "is_secret": false
      },
      {
        "type": "Hex High Entropy String",
        "filename": "docs\\dev\\evidence\\reimplementation.json",
        "hashed_secret": "a938ccaea8e2b3bc83da635cd079d04a42ace94b",
        "is_verified": true,
        "line_number": 2231,
        "is_secret": false
      },
      {
        "type": "Hex High Entropy String",
        "filename": "docs\\dev\\evidence\\reimplementation.json",
        "hashed_secret": "4d6df4a531946f810cf64f73892728848a9e3325",
        "is_verified": true,
        "line_number": 2319,
        "is_secret": false
      },
      {
        "type": "Hex High Entropy String",
        "filename": "docs\\dev\\evidence\\reimplementation.json",
        "hashed_secret": "aad353974c63d62044edd56195bfe2e6d5307fc5",
        "is_verified": true,
        "line_number": 2338,
        "is_secret": false
      },
      {
        "type": "Hex High Entropy String",
        "filename": "docs\\dev\\evidence\\reimplementation.json",
        "hashed_secret": "fb14a4a7ea47c14994776603d97b1699972e753c",
        "is_verified": true,
        "line_number": 2426,
        "is_secret": false
      },
      {
        "type": "Hex High Entropy String",
        "filename": "docs\\dev\\evidence\\reimplementation.json",
        "hashed_secret": "3ea512396bbdd848661af6e668d6f8e420ce5b7e",
        "is_verified": true,
        "line_number": 2445,
        "is_secret": false
      },
      {
        "type": "Hex High Entropy String",
        "filename": "docs\\dev\\evidence\\reimplementation.json",
        "hashed_secret": "d13a6227d162c98d4d000d0690dc0a9f2b4f4728",
        "is_verified": true,
        "line_number": 2464,
        "is_secret": false
      },
      {
        "type": "Hex High Entropy String",
        "filename": "docs\\dev\\evidence\\reimplementation.json",
        "hashed_secret": "6367d94a8b0b6ac21b09c6f12e69271a4909f2ca",
        "is_verified": true,
        "line_number": 2483,
        "is_secret": false
      },
      {
        "type": "Hex High Entropy String",
        "filename": "docs\\dev\\evidence\\reimplementation.json",
        "hashed_secret": "972f89ef3a769ea794e10a0b62d976e077a46904",
        "is_verified": true,
        "line_number": 2502,
        "is_secret": false
      },
      {
        "type": "Hex High Entropy String",
        "filename": "docs\\dev\\evidence\\reimplementation.json",
        "hashed_secret": "4bd950bb6f7fb33427cac286627dda3035d91e08",
        "is_verified": true,
        "line_number": 2521,
        "is_secret": false
      },
      {
        "type": "Hex High Entropy String",
        "filename": "docs\\dev\\evidence\\reimplementation.json",
        "hashed_secret": "9efe97e390fb4483d64c03a43667534da483e715",
        "is_verified": true,
        "line_number": 2631,
        "is_secret": false
      }
    ]
  },
  "generated_at": "2026-09-18T01:02:52Z"
}
