{
  "version": "1.5.0",
  "plugins_used": [
    {
      "name": "ArtifactoryDetector"
    },
    {
      "name": "AWSKeyDetector"
    },
    {
      "name": "AzureStorageKeyDetector"
    },
    {
      "name": "Base64HighEntropyString",
      "limit": 4.5
    },
    {
      "name": "BasicAuthDetector"
    },
    {
      "name": "CloudantDetector"
    },
    {
      "name": "DiscordBotTokenDetector"
    },
    {
      "name": "GitHubTokenDetector"
    },
    {
      "name": "GitLabTokenDetector"
    },
    {
      "name": "HexHighEntropyString",
      "limit": 3.0
    },
    {
      "name": "IbmCloudIamDetector"
    },
    {
      "name": "IbmCosHmacDetector"
    },
    {
      "name": "IPPublicDetector"
    },
    {
      "name": "JwtTokenDetector"
    },
    {
      "name": "KeywordDetector",
      "keyword_exclude": ""
    },
    {
      "name": "MailchimpDetector"
    },
    {
      "name": "NpmDetector"
    },
    {
      "name": "OpenAIDetector"
    },
    {
      "name": "PrivateKeyDetector"
    },
    {
      "name": "PypiTokenDetector"
    },
    {
      "name": "SendGridDetector"
    },
    {
      "name": "SlackDetector"
    },
    {
      "name": "SoftlayerDetector"
    },
    {
      "name": "SquareOAuthDetector"
    },
    {
      "name": "StripeDetector"
    },
    {
      "name": "TelegramBotTokenDetector"
    },
    {
      "name": "TwilioKeyDetector"
    }
  ],
  "filters_used": [
    {
      "path": "detect_secrets.filters.allowlist.is_line_allowlisted"
    },
    {
      "path": "detect_secrets.filters.common.is_baseline_file",
      "filename": ".secrets.baseline"
    },
    {
      "path": "detect_secrets.filters.common.is_ignored_due_to_verification_policies",
      "min_level": 2
    },
    {
      "path": "detect_secrets.filters.heuristic.is_indirect_reference"
    },
    {
      "path": "detect_secrets.filters.heuristic.is_likely_id_string"
    },
    {
      "path": "detect_secrets.filters.heuristic.is_lock_file"
    },
    {
      "path": "detect_secrets.filters.heuristic.is_not_alphanumeric_string"
    },
    {
      "path": "detect_secrets.filters.heuristic.is_potential_uuid"
    },
    {
      "path": "detect_secrets.filters.heuristic.is_prefixed_with_dollar_sign"
    },
    {
      "path": "detect_secrets.filters.heuristic.is_sequential_string"
    },
    {
      "path": "detect_secrets.filters.heuristic.is_swagger_file"
    },
    {
      "path": "detect_secrets.filters.heuristic.is_templated_secret"
    }
  ],
  "results": {
    "data\\raw\\EURUSD_H1.csv.manifest.json": [
      {
        "type": "Hex High Entropy String",
        "filename": "data\\raw\\EURUSD_H1.csv.manifest.json",
        "hashed_secret": "8a8415285ef1de9300a8be5b248af5af84c74eed",
        "is_verified": false,
        "line_number": 5
      }
    ],
    "data\\raw\\EURUSD_H1.parquet.manifest.json": [
      {
        "type": "Hex High Entropy String",
        "filename": "data\\raw\\EURUSD_H1.parquet.manifest.json",
        "hashed_secret": "668f9384ef3865d0e7250e4e1df860d027a38606",
        "is_verified": false,
        "line_number": 5
      }
    ],
    "data\\raw\\EURUSD_M1.parquet.manifest.json": [
      {
        "type": "Hex High Entropy String",
        "filename": "data\\raw\\EURUSD_M1.parquet.manifest.json",
        "hashed_secret": "e53845457916becf6b9a1d3d5b4e3f4b883c40b0",
        "is_verified": false,
        "line_number": 5
      }
    ],
    "tests\\brokers\\unit\\test_binance_transport.py": [
      {
        "type": "Secret Keyword",
        "filename": "tests\\brokers\\unit\\test_binance_transport.py",
        "hashed_secret": "3acfb2c2b433c0ea7ff107e33df91b18e52f960f",
        "is_verified": false,
        "line_number": 85
      },
      {
        "type": "Secret Keyword",
        "filename": "tests\\brokers\\unit\\test_binance_transport.py",
        "hashed_secret": "fe1bae27cb7c1fb823f496f286e78f1d2ae87734",
        "is_verified": false,
        "line_number": 86
      }
    ],
    "tests\\brokers\\unit\\test_mt5_transport.py": [
      {
        "type": "Secret Keyword",
        "filename": "tests\\brokers\\unit\\test_mt5_transport.py",
        "hashed_secret": "f3bbbd66a63d4bf1747940578ec3d0103530e21d",
        "is_verified": false,
        "line_number": 65
      }
    ],
    "tests\\brokers\\unit\\test_observability.py": [
      {
        "type": "Secret Keyword",
        "filename": "tests\\brokers\\unit\\test_observability.py",
        "hashed_secret": "e25e4705388ddda4ec47603c850aedc56f6cfa45",
        "is_verified": false,
        "line_number": 18
      }
    ],
    "tests\\brokers\\unit\\test_security.py": [
      {
        "type": "Secret Keyword",
        "filename": "tests\\brokers\\unit\\test_security.py",
        "hashed_secret": "f3bbbd66a63d4bf1747940578ec3d0103530e21d",
        "is_verified": false,
        "line_number": 18
      }
    ],
    "tests\\legacy\\01_utils.py": [
      {
        "type": "Secret Keyword",
        "filename": "tests\\legacy\\01_utils.py",
        "hashed_secret": "0bdf822a0d415aa7fda8fa6edeb7dbae3e394541",
        "is_verified": false,
        "line_number": 209
      },
      {
        "type": "Secret Keyword",
        "filename": "tests\\legacy\\01_utils.py",
        "hashed_secret": "d3912fa5639a37367c15814367069fe7798cfaf6",
        "is_verified": false,
        "line_number": 215
      },
      {
        "type": "Secret Keyword",
        "filename": "tests\\legacy\\01_utils.py",
        "hashed_secret": "88b46c387cd5502cbf40b66fa91e25af552ef5c6",
        "is_verified": false,
        "line_number": 216
      },
      {
        "type": "Secret Keyword",
        "filename": "tests\\legacy\\01_utils.py",
        "hashed_secret": "0ef772e4fb64f8d0c44962c0ff74a4c5b237a3c6",
        "is_verified": false,
        "line_number": 217
      }
    ],
    "tests\\utils\\unit\\test_event_envelope.py": [
      {
        "type": "Secret Keyword",
        "filename": "tests\\utils\\unit\\test_event_envelope.py",
        "hashed_secret": "e5e9fa1ba31ecd1ae84f75caaa474f3a663f05f4",
        "is_verified": false,
        "line_number": 19
      }
    ],
    "tests\\utils\\usage\\workflows\\wf_utl_010_main_operations.py": [
      {
        "type": "Secret Keyword",
        "filename": "tests\\utils\\usage\\workflows\\wf_utl_010_main_operations.py",
        "hashed_secret": "0bdf822a0d415aa7fda8fa6edeb7dbae3e394541",
        "is_verified": false,
        "line_number": 198
      },
      {
        "type": "Secret Keyword",
        "filename": "tests\\utils\\usage\\workflows\\wf_utl_010_main_operations.py",
        "hashed_secret": "d3912fa5639a37367c15814367069fe7798cfaf6",
        "is_verified": false,
        "line_number": 204
      },
      {
        "type": "Secret Keyword",
        "filename": "tests\\utils\\usage\\workflows\\wf_utl_010_main_operations.py",
        "hashed_secret": "88b46c387cd5502cbf40b66fa91e25af552ef5c6",
        "is_verified": false,
        "line_number": 205
      },
      {
        "type": "Secret Keyword",
        "filename": "tests\\utils\\usage\\workflows\\wf_utl_010_main_operations.py",
        "hashed_secret": "0ef772e4fb64f8d0c44962c0ff74a4c5b237a3c6",
        "is_verified": false,
        "line_number": 206
      }
    ]
  },
  "generated_at": "2026-08-12T13:15:10Z"
}
