{
  "version": "1.5.0",
  "plugins_used": [
    {
      "name": "ArtifactoryDetector"
    },
    {
      "name": "AWSKeyDetector"
    },
    {
      "name": "AzureStorageKeyDetector"
    },
    {
      "name": "Base64HighEntropyString",
      "limit": 4.5
    },
    {
      "name": "BasicAuthDetector"
    },
    {
      "name": "CloudantDetector"
    },
    {
      "name": "DiscordBotTokenDetector"
    },
    {
      "name": "GitHubTokenDetector"
    },
    {
      "name": "GitLabTokenDetector"
    },
    {
      "name": "HexHighEntropyString",
      "limit": 3.0
    },
    {
      "name": "IbmCloudIamDetector"
    },
    {
      "name": "IbmCosHmacDetector"
    },
    {
      "name": "IPPublicDetector"
    },
    {
      "name": "JwtTokenDetector"
    },
    {
      "name": "KeywordDetector",
      "keyword_exclude": ""
    },
    {
      "name": "MailchimpDetector"
    },
    {
      "name": "NpmDetector"
    },
    {
      "name": "OpenAIDetector"
    },
    {
      "name": "PrivateKeyDetector"
    },
    {
      "name": "PypiTokenDetector"
    },
    {
      "name": "SendGridDetector"
    },
    {
      "name": "SlackDetector"
    },
    {
      "name": "SoftlayerDetector"
    },
    {
      "name": "SquareOAuthDetector"
    },
    {
      "name": "StripeDetector"
    },
    {
      "name": "TelegramBotTokenDetector"
    },
    {
      "name": "TwilioKeyDetector"
    }
  ],
  "filters_used": [
    {
      "path": "detect_secrets.filters.allowlist.is_line_allowlisted"
    },
    {
      "path": "detect_secrets.filters.common.is_baseline_file",
      "filename": ".secrets.baseline"
    },
    {
      "path": "detect_secrets.filters.common.is_ignored_due_to_verification_policies",
      "min_level": 2
    },
    {
      "path": "detect_secrets.filters.heuristic.is_indirect_reference"
    },
    {
      "path": "detect_secrets.filters.heuristic.is_likely_id_string"
    },
    {
      "path": "detect_secrets.filters.heuristic.is_lock_file"
    },
    {
      "path": "detect_secrets.filters.heuristic.is_not_alphanumeric_string"
    },
    {
      "path": "detect_secrets.filters.heuristic.is_potential_uuid"
    },
    {
      "path": "detect_secrets.filters.heuristic.is_prefixed_with_dollar_sign"
    },
    {
      "path": "detect_secrets.filters.heuristic.is_sequential_string"
    },
    {
      "path": "detect_secrets.filters.heuristic.is_swagger_file"
    },
    {
      "path": "detect_secrets.filters.heuristic.is_templated_secret"
    }
  ],
  "results": {
    "docs\\dev\\plugin-decoupling\\audit\\removability_matrix.json": [
      {
        "type": "Hex High Entropy String",
        "filename": "docs\\dev\\plugin-decoupling\\audit\\removability_matrix.json",
        "hashed_secret": "512157cb871999f12598b90ede88176b8d75cdc6",
        "is_verified": false,
        "line_number": 3
      }
    ],
    "docs\\dev\\plugin-decoupling\\audit\\runtime_configuration_graph.json": [
      {
        "type": "Hex High Entropy String",
        "filename": "docs\\dev\\plugin-decoupling\\audit\\runtime_configuration_graph.json",
        "hashed_secret": "512157cb871999f12598b90ede88176b8d75cdc6",
        "is_verified": false,
        "line_number": 3
      }
    ],
    "docs\\dev\\plugin-decoupling\\audit\\state_frontend_graph.json": [
      {
        "type": "Hex High Entropy String",
        "filename": "docs\\dev\\plugin-decoupling\\audit\\state_frontend_graph.json",
        "hashed_secret": "512157cb871999f12598b90ede88176b8d75cdc6",
        "is_verified": false,
        "line_number": 3
      }
    ],
    "docs\\dev\\plugin-decoupling\\audit\\static_graph.json": [
      {
        "type": "Hex High Entropy String",
        "filename": "docs\\dev\\plugin-decoupling\\audit\\static_graph.json",
        "hashed_secret": "512157cb871999f12598b90ede88176b8d75cdc6",
        "is_verified": false,
        "line_number": 3
      }
    ],
    "tests\\architecture\\fixtures\\plugin_financial_baseline.json": [
      {
        "type": "Hex High Entropy String",
        "filename": "tests\\architecture\\fixtures\\plugin_financial_baseline.json",
        "hashed_secret": "5dbd56d73baef6f9998c6ce2c1c382ff8897af9c",
        "is_verified": false,
        "line_number": 2
      },
      {
        "type": "Hex High Entropy String",
        "filename": "tests\\architecture\\fixtures\\plugin_financial_baseline.json",
        "hashed_secret": "1cfc832141097476545b0e6e92ef3c1d361674d0",
        "is_verified": false,
        "line_number": 7
      },
      {
        "type": "Hex High Entropy String",
        "filename": "tests\\architecture\\fixtures\\plugin_financial_baseline.json",
        "hashed_secret": "77bd4979d201e6d894475689fca4a6ecde8d4b70",
        "is_verified": false,
        "line_number": 11
      },
      {
        "type": "Hex High Entropy String",
        "filename": "tests\\architecture\\fixtures\\plugin_financial_baseline.json",
        "hashed_secret": "cc8b6e40efaba82633ce408fe8f5b9b22d760f9f",
        "is_verified": false,
        "line_number": 15
      },
      {
        "type": "Hex High Entropy String",
        "filename": "tests\\architecture\\fixtures\\plugin_financial_baseline.json",
        "hashed_secret": "98d6a1b24884478525bd5d8c7198614c1ac85cb6",
        "is_verified": false,
        "line_number": 19
      },
      {
        "type": "Hex High Entropy String",
        "filename": "tests\\architecture\\fixtures\\plugin_financial_baseline.json",
        "hashed_secret": "f5cc763d6ccc7a03d908af13d613893c519ea4ec",
        "is_verified": false,
        "line_number": 23
      },
      {
        "type": "Hex High Entropy String",
        "filename": "tests\\architecture\\fixtures\\plugin_financial_baseline.json",
        "hashed_secret": "b390d936d791e4b7024b79259cc9dfb80a1a95aa",
        "is_verified": false,
        "line_number": 27
      },
      {
        "type": "Hex High Entropy String",
        "filename": "tests\\architecture\\fixtures\\plugin_financial_baseline.json",
        "hashed_secret": "7cda347bbff0a057dd8f78a765295fd3bb0002be",
        "is_verified": false,
        "line_number": 31
      },
      {
        "type": "Hex High Entropy String",
        "filename": "tests\\architecture\\fixtures\\plugin_financial_baseline.json",
        "hashed_secret": "4b92a41ed9ddf2facfef770d0f2e38a4d45147d7",
        "is_verified": false,
        "line_number": 35
      },
      {
        "type": "Hex High Entropy String",
        "filename": "tests\\architecture\\fixtures\\plugin_financial_baseline.json",
        "hashed_secret": "a72d763d209229af3f46d0a1b45848e24b78fc9b",
        "is_verified": false,
        "line_number": 39
      },
      {
        "type": "Hex High Entropy String",
        "filename": "tests\\architecture\\fixtures\\plugin_financial_baseline.json",
        "hashed_secret": "4451d15e0c743b2d174e37e44386bfc42bad70ae",
        "is_verified": false,
        "line_number": 43
      },
      {
        "type": "Hex High Entropy String",
        "filename": "tests\\architecture\\fixtures\\plugin_financial_baseline.json",
        "hashed_secret": "e1284c5adea9be36e3314e165bcf035f65c2fe62",
        "is_verified": false,
        "line_number": 47
      },
      {
        "type": "Hex High Entropy String",
        "filename": "tests\\architecture\\fixtures\\plugin_financial_baseline.json",
        "hashed_secret": "8d6672d736ecf39718cce1450365e63b223b8113",
        "is_verified": false,
        "line_number": 51
      },
      {
        "type": "Hex High Entropy String",
        "filename": "tests\\architecture\\fixtures\\plugin_financial_baseline.json",
        "hashed_secret": "3327a7ac3cb6fd7aec707f7049833462ca7d4f5b",
        "is_verified": false,
        "line_number": 55
      },
      {
        "type": "Hex High Entropy String",
        "filename": "tests\\architecture\\fixtures\\plugin_financial_baseline.json",
        "hashed_secret": "3c1bc02abf7b549cefb048ff477c24de304be5ee",
        "is_verified": false,
        "line_number": 59
      },
      {
        "type": "Hex High Entropy String",
        "filename": "tests\\architecture\\fixtures\\plugin_financial_baseline.json",
        "hashed_secret": "7af708e00b0f36741256dcda35c9977b3a5a41f9",
        "is_verified": false,
        "line_number": 63
      }
    ],
    "tests\\brokers\\unit\\test_binance_transport.py": [
      {
        "type": "Secret Keyword",
        "filename": "tests\\brokers\\unit\\test_binance_transport.py",
        "hashed_secret": "3acfb2c2b433c0ea7ff107e33df91b18e52f960f",
        "is_verified": false,
        "line_number": 85
      },
      {
        "type": "Secret Keyword",
        "filename": "tests\\brokers\\unit\\test_binance_transport.py",
        "hashed_secret": "fe1bae27cb7c1fb823f496f286e78f1d2ae87734",
        "is_verified": false,
        "line_number": 86
      }
    ],
    "tests\\brokers\\unit\\test_mt5_transport.py": [
      {
        "type": "Secret Keyword",
        "filename": "tests\\brokers\\unit\\test_mt5_transport.py",
        "hashed_secret": "f3bbbd66a63d4bf1747940578ec3d0103530e21d",
        "is_verified": false,
        "line_number": 65
      }
    ],
    "tests\\brokers\\unit\\test_observability.py": [
      {
        "type": "Secret Keyword",
        "filename": "tests\\brokers\\unit\\test_observability.py",
        "hashed_secret": "e25e4705388ddda4ec47603c850aedc56f6cfa45",
        "is_verified": false,
        "line_number": 18
      }
    ],
    "tests\\brokers\\unit\\test_security.py": [
      {
        "type": "Secret Keyword",
        "filename": "tests\\brokers\\unit\\test_security.py",
        "hashed_secret": "f3bbbd66a63d4bf1747940578ec3d0103530e21d",
        "is_verified": false,
        "line_number": 18
      }
    ],
    "tests\\legacy\\01_utils.py": [
      {
        "type": "Secret Keyword",
        "filename": "tests\\legacy\\01_utils.py",
        "hashed_secret": "0bdf822a0d415aa7fda8fa6edeb7dbae3e394541",
        "is_verified": false,
        "line_number": 209
      },
      {
        "type": "Secret Keyword",
        "filename": "tests\\legacy\\01_utils.py",
        "hashed_secret": "d3912fa5639a37367c15814367069fe7798cfaf6",
        "is_verified": false,
        "line_number": 215
      },
      {
        "type": "Secret Keyword",
        "filename": "tests\\legacy\\01_utils.py",
        "hashed_secret": "88b46c387cd5502cbf40b66fa91e25af552ef5c6",
        "is_verified": false,
        "line_number": 216
      },
      {
        "type": "Secret Keyword",
        "filename": "tests\\legacy\\01_utils.py",
        "hashed_secret": "0ef772e4fb64f8d0c44962c0ff74a4c5b237a3c6",
        "is_verified": false,
        "line_number": 217
      }
    ],
    "tests\\utils\\unit\\test_event_envelope.py": [
      {
        "type": "Secret Keyword",
        "filename": "tests\\utils\\unit\\test_event_envelope.py",
        "hashed_secret": "e5e9fa1ba31ecd1ae84f75caaa474f3a663f05f4",
        "is_verified": false,
        "line_number": 19
      }
    ],
    "tests\\utils\\usage\\workflows\\wf_utl_010_main_operations.py": [
      {
        "type": "Secret Keyword",
        "filename": "tests\\utils\\usage\\workflows\\wf_utl_010_main_operations.py",
        "hashed_secret": "0bdf822a0d415aa7fda8fa6edeb7dbae3e394541",
        "is_verified": false,
        "line_number": 198
      },
      {
        "type": "Secret Keyword",
        "filename": "tests\\utils\\usage\\workflows\\wf_utl_010_main_operations.py",
        "hashed_secret": "d3912fa5639a37367c15814367069fe7798cfaf6",
        "is_verified": false,
        "line_number": 204
      },
      {
        "type": "Secret Keyword",
        "filename": "tests\\utils\\usage\\workflows\\wf_utl_010_main_operations.py",
        "hashed_secret": "88b46c387cd5502cbf40b66fa91e25af552ef5c6",
        "is_verified": false,
        "line_number": 205
      },
      {
        "type": "Secret Keyword",
        "filename": "tests\\utils\\usage\\workflows\\wf_utl_010_main_operations.py",
        "hashed_secret": "0ef772e4fb64f8d0c44962c0ff74a4c5b237a3c6",
        "is_verified": false,
        "line_number": 206
      }
    ]
  },
  "generated_at": "2026-08-20T12:14:54Z"
}
