{
  "version": "1.5.0",
  "plugins_used": [
    {
      "name": "ArtifactoryDetector"
    },
    {
      "name": "AWSKeyDetector"
    },
    {
      "name": "AzureStorageKeyDetector"
    },
    {
      "name": "Base64HighEntropyString",
      "limit": 4.5
    },
    {
      "name": "BasicAuthDetector"
    },
    {
      "name": "CloudantDetector"
    },
    {
      "name": "DiscordBotTokenDetector"
    },
    {
      "name": "GitHubTokenDetector"
    },
    {
      "name": "GitLabTokenDetector"
    },
    {
      "name": "HexHighEntropyString",
      "limit": 3.0
    },
    {
      "name": "IbmCloudIamDetector"
    },
    {
      "name": "IbmCosHmacDetector"
    },
    {
      "name": "IPPublicDetector"
    },
    {
      "name": "JwtTokenDetector"
    },
    {
      "name": "KeywordDetector",
      "keyword_exclude": ""
    },
    {
      "name": "MailchimpDetector"
    },
    {
      "name": "NpmDetector"
    },
    {
      "name": "OpenAIDetector"
    },
    {
      "name": "PrivateKeyDetector"
    },
    {
      "name": "PypiTokenDetector"
    },
    {
      "name": "SendGridDetector"
    },
    {
      "name": "SlackDetector"
    },
    {
      "name": "SoftlayerDetector"
    },
    {
      "name": "SquareOAuthDetector"
    },
    {
      "name": "StripeDetector"
    },
    {
      "name": "TelegramBotTokenDetector"
    },
    {
      "name": "TwilioKeyDetector"
    }
  ],
  "filters_used": [
    {
      "path": "detect_secrets.filters.allowlist.is_line_allowlisted"
    },
    {
      "path": "detect_secrets.filters.common.is_baseline_file",
      "filename": ".secrets.baseline"
    },
    {
      "path": "detect_secrets.filters.common.is_ignored_due_to_verification_policies",
      "min_level": 2
    },
    {
      "path": "detect_secrets.filters.heuristic.is_indirect_reference"
    },
    {
      "path": "detect_secrets.filters.heuristic.is_likely_id_string"
    },
    {
      "path": "detect_secrets.filters.heuristic.is_lock_file"
    },
    {
      "path": "detect_secrets.filters.heuristic.is_not_alphanumeric_string"
    },
    {
      "path": "detect_secrets.filters.heuristic.is_potential_uuid"
    },
    {
      "path": "detect_secrets.filters.heuristic.is_prefixed_with_dollar_sign"
    },
    {
      "path": "detect_secrets.filters.heuristic.is_sequential_string"
    },
    {
      "path": "detect_secrets.filters.heuristic.is_swagger_file"
    },
    {
      "path": "detect_secrets.filters.heuristic.is_templated_secret"
    }
  ],
  "results": {
    "data\\raw\\EURUSD_H1.csv.manifest.json": [
      {
        "type": "Hex High Entropy String",
        "filename": "data\\raw\\EURUSD_H1.csv.manifest.json",
        "hashed_secret": "dde3965dce0ee6d7fa9a652ef317d9a725a64992",
        "is_verified": false,
        "line_number": 5
      }
    ],
    "data\\raw\\EURUSD_H1.parquet.manifest.json": [
      {
        "type": "Hex High Entropy String",
        "filename": "data\\raw\\EURUSD_H1.parquet.manifest.json",
        "hashed_secret": "81db3f933483c4276de92af5a577d5d99a0b629a",
        "is_verified": false,
        "line_number": 5
      }
    ],
    "docs\\dev\\trading-cockpit\\phase-0\\baseline-manifest.json": [
      {
        "type": "Hex High Entropy String",
        "filename": "docs\\dev\\trading-cockpit\\phase-0\\baseline-manifest.json",
        "hashed_secret": "08732d15172eb43ddfbde9b21e01984d62aae411",
        "is_verified": false,
        "line_number": 9
      },
      {
        "type": "Hex High Entropy String",
        "filename": "docs\\dev\\trading-cockpit\\phase-0\\baseline-manifest.json",
        "hashed_secret": "83537ab28b675e35c26fd065dbafdd064ce7a66a",
        "is_verified": false,
        "line_number": 100
      },
      {
        "type": "Hex High Entropy String",
        "filename": "docs\\dev\\trading-cockpit\\phase-0\\baseline-manifest.json",
        "hashed_secret": "328f8eb15cca45539fa6000c3d147c25e9a18c91",
        "is_verified": false,
        "line_number": 109
      },
      {
        "type": "Hex High Entropy String",
        "filename": "docs\\dev\\trading-cockpit\\phase-0\\baseline-manifest.json",
        "hashed_secret": "56ea10e4118d42438d35ca7eddecdbd222c22f80",
        "is_verified": false,
        "line_number": 113
      },
      {
        "type": "Hex High Entropy String",
        "filename": "docs\\dev\\trading-cockpit\\phase-0\\baseline-manifest.json",
        "hashed_secret": "b3011bb850d418e57c539373b0ef96a82b7b9129",
        "is_verified": false,
        "line_number": 244
      },
      {
        "type": "Hex High Entropy String",
        "filename": "docs\\dev\\trading-cockpit\\phase-0\\baseline-manifest.json",
        "hashed_secret": "8118707eb2bfb30b3580cfa5e8bad904aeb08e4e",
        "is_verified": false,
        "line_number": 252
      },
      {
        "type": "Hex High Entropy String",
        "filename": "docs\\dev\\trading-cockpit\\phase-0\\baseline-manifest.json",
        "hashed_secret": "0a93c9395f8c87768dc60222da2f565b911bdb15",
        "is_verified": false,
        "line_number": 260
      }
    ],
    "tests\\brokers\\unit\\test_binance_transport.py": [
      {
        "type": "Secret Keyword",
        "filename": "tests\\brokers\\unit\\test_binance_transport.py",
        "hashed_secret": "3acfb2c2b433c0ea7ff107e33df91b18e52f960f",
        "is_verified": false,
        "line_number": 85
      },
      {
        "type": "Secret Keyword",
        "filename": "tests\\brokers\\unit\\test_binance_transport.py",
        "hashed_secret": "fe1bae27cb7c1fb823f496f286e78f1d2ae87734",
        "is_verified": false,
        "line_number": 86
      }
    ],
    "tests\\brokers\\unit\\test_mt5_transport.py": [
      {
        "type": "Secret Keyword",
        "filename": "tests\\brokers\\unit\\test_mt5_transport.py",
        "hashed_secret": "f3bbbd66a63d4bf1747940578ec3d0103530e21d",
        "is_verified": false,
        "line_number": 65
      }
    ],
    "tests\\brokers\\unit\\test_observability.py": [
      {
        "type": "Secret Keyword",
        "filename": "tests\\brokers\\unit\\test_observability.py",
        "hashed_secret": "e25e4705388ddda4ec47603c850aedc56f6cfa45",
        "is_verified": false,
        "line_number": 18
      }
    ],
    "tests\\brokers\\unit\\test_security.py": [
      {
        "type": "Secret Keyword",
        "filename": "tests\\brokers\\unit\\test_security.py",
        "hashed_secret": "f3bbbd66a63d4bf1747940578ec3d0103530e21d",
        "is_verified": false,
        "line_number": 18
      }
    ],
    "tests\\utils\\integration\\test_cockpit_envelope_workflow.py": [
      {
        "type": "Secret Keyword",
        "filename": "tests\\utils\\integration\\test_cockpit_envelope_workflow.py",
        "hashed_secret": "aec82ca436d52749e98f239dc4c30fdca82e568c",
        "is_verified": false,
        "line_number": 28
      }
    ],
    "tests\\utils\\unit\\test_event_envelope.py": [
      {
        "type": "Secret Keyword",
        "filename": "tests\\utils\\unit\\test_event_envelope.py",
        "hashed_secret": "e5e9fa1ba31ecd1ae84f75caaa474f3a663f05f4",
        "is_verified": false,
        "line_number": 19
      }
    ]
  },
  "generated_at": "2026-08-09T05:17:56Z"
}
